Archive member included because of file (symbol)

C:/Users/Chris/Desktop/RealTImeWorkspace/FreeRTOS801/Release/libFreeRTOS801.a(serial.o)
                              ./main.o (xSerialPort)
C:/Users/Chris/Desktop/RealTImeWorkspace/FreeRTOS801/Release/libFreeRTOS801.a(heap_4.o)
                              ./main.o (xPortGetFreeHeapSize)
C:/Users/Chris/Desktop/RealTImeWorkspace/FreeRTOS801/Release/libFreeRTOS801.a(tasks.o)
                              C:/Users/Chris/Desktop/RealTImeWorkspace/FreeRTOS801/Release/libFreeRTOS801.a(heap_4.o) (vTaskSuspendAll)
C:/Users/Chris/Desktop/RealTImeWorkspace/FreeRTOS801/Release/libFreeRTOS801.a(port.o)
                              C:/Users/Chris/Desktop/RealTImeWorkspace/FreeRTOS801/Release/libFreeRTOS801.a(tasks.o) (pxPortInitialiseStack)
C:/Users/Chris/Desktop/RealTImeWorkspace/FreeRTOS801/Release/libFreeRTOS801.a(system_tick.o)
                              C:/Users/Chris/Desktop/RealTImeWorkspace/FreeRTOS801/Release/libFreeRTOS801.a(port.o) (system_tick)
C:/Users/Chris/Desktop/RealTImeWorkspace/FreeRTOS801/Release/libFreeRTOS801.a(system_time.o)
                              C:/Users/Chris/Desktop/RealTImeWorkspace/FreeRTOS801/Release/libFreeRTOS801.a(system_tick.o) (__system_time)
C:/Users/Chris/Desktop/RealTImeWorkspace/FreeRTOS801/Release/libFreeRTOS801.a(list.o)
                              C:/Users/Chris/Desktop/RealTImeWorkspace/FreeRTOS801/Release/libFreeRTOS801.a(tasks.o) (vListInitialise)
c:/arduino/hardware/tools/avr/bin/../lib/gcc/avr/4.3.2/avr6\libgcc.a(_udivmodsi4.o)
                              C:/Users/Chris/Desktop/RealTImeWorkspace/FreeRTOS801/Release/libFreeRTOS801.a(serial.o) (__udivmodsi4)
c:/arduino/hardware/tools/avr/bin/../lib/gcc/avr/4.3.2/avr6\libgcc.a(_prologue.o)
                              ./main.o (__prologue_saves__)
c:/arduino/hardware/tools/avr/bin/../lib/gcc/avr/4.3.2/avr6\libgcc.a(_epilogue.o)
                              C:/Users/Chris/Desktop/RealTImeWorkspace/FreeRTOS801/Release/libFreeRTOS801.a(serial.o) (__epilogue_restores__)
c:/arduino/hardware/tools/avr/bin/../lib/gcc/avr/4.3.2/avr6\libgcc.a(_exit.o)
                              c:/arduino/hardware/tools/avr/bin/../lib/gcc/avr/4.3.2/../../../../avr/lib/avr6/crtm2560.o (exit)
c:/arduino/hardware/tools/avr/bin/../lib/gcc/avr/4.3.2/avr6\libgcc.a(_clear_bss.o)
                              ./main.o (__do_clear_bss)
c:/arduino/hardware/tools/avr/bin/../lib/gcc/avr/4.3.2/../../../../avr/lib/avr6\libc.a(strlen_P.o)
                              C:/Users/Chris/Desktop/RealTImeWorkspace/FreeRTOS801/Release/libFreeRTOS801.a(serial.o) (strlen_P)
c:/arduino/hardware/tools/avr/bin/../lib/gcc/avr/4.3.2/../../../../avr/lib/avr6\libc.a(memset.o)
                              C:/Users/Chris/Desktop/RealTImeWorkspace/FreeRTOS801/Release/libFreeRTOS801.a(tasks.o) (memset)
c:/arduino/hardware/tools/avr/bin/../lib/gcc/avr/4.3.2/../../../../avr/lib/avr6\libc.a(vsnprintf.o)
                              C:/Users/Chris/Desktop/RealTImeWorkspace/FreeRTOS801/Release/libFreeRTOS801.a(serial.o) (vsnprintf)
c:/arduino/hardware/tools/avr/bin/../lib/gcc/avr/4.3.2/../../../../avr/lib/avr6\libc.a(vsnprintf_p.o)
                              C:/Users/Chris/Desktop/RealTImeWorkspace/FreeRTOS801/Release/libFreeRTOS801.a(serial.o) (vsnprintf_P)
c:/arduino/hardware/tools/avr/bin/../lib/gcc/avr/4.3.2/../../../../avr/lib/avr6\libc.a(vfprintf_std.o)
                              c:/arduino/hardware/tools/avr/bin/../lib/gcc/avr/4.3.2/../../../../avr/lib/avr6\libc.a(vsnprintf.o) (vfprintf)
c:/arduino/hardware/tools/avr/bin/../lib/gcc/avr/4.3.2/../../../../avr/lib/avr6\libc.a(strnlen_P.o)
                              c:/arduino/hardware/tools/avr/bin/../lib/gcc/avr/4.3.2/../../../../avr/lib/avr6\libc.a(vfprintf_std.o) (strnlen_P)
c:/arduino/hardware/tools/avr/bin/../lib/gcc/avr/4.3.2/../../../../avr/lib/avr6\libc.a(strnlen.o)
                              c:/arduino/hardware/tools/avr/bin/../lib/gcc/avr/4.3.2/../../../../avr/lib/avr6\libc.a(vfprintf_std.o) (strnlen)
c:/arduino/hardware/tools/avr/bin/../lib/gcc/avr/4.3.2/../../../../avr/lib/avr6\libc.a(fputc.o)
                              c:/arduino/hardware/tools/avr/bin/../lib/gcc/avr/4.3.2/../../../../avr/lib/avr6\libc.a(vfprintf_std.o) (fputc)
c:/arduino/hardware/tools/avr/bin/../lib/gcc/avr/4.3.2/../../../../avr/lib/avr6\libc.a(ultoa_invert.o)
                              c:/arduino/hardware/tools/avr/bin/../lib/gcc/avr/4.3.2/../../../../avr/lib/avr6\libc.a(vfprintf_std.o) (__ultoa_invert)

Allocating common symbols
Common symbol       size              file

xSerialPort         0x20              C:/Users/Chris/Desktop/RealTImeWorkspace/FreeRTOS801/Release/libFreeRTOS801.a(serial.o)
xSerial1Port        0x20              C:/Users/Chris/Desktop/RealTImeWorkspace/FreeRTOS801/Release/libFreeRTOS801.a(serial.o)
__system_time       0x4               C:/Users/Chris/Desktop/RealTImeWorkspace/FreeRTOS801/Release/libFreeRTOS801.a(system_time.o)

Memory Configuration

Name             Origin             Length             Attributes
text             0x00000000         0x00100000         xr
data             0x00800200         0x0000fe00         rw !x
eeprom           0x00810000         0x00010000         rw !x
fuse             0x00820000         0x00000400         rw !x
lock             0x00830000         0x00000400         rw !x
signature        0x00840000         0x00000400         rw !x
*default*        0x00000000         0xffffffff

Linker script and memory map

Address of section .data set to 0x800200
LOAD c:/arduino/hardware/tools/avr/bin/../lib/gcc/avr/4.3.2/../../../../avr/lib/avr6/crtm2560.o
LOAD ./main.o
LOAD C:/Users/Chris/Desktop/RealTImeWorkspace/FreeRTOS801/Release/libFreeRTOS801.a
LOAD c:/arduino/hardware/tools/avr/bin/../lib/gcc/avr/4.3.2/../../../../avr/lib/avr6\libm.a
LOAD C:\Users\Chris\Desktop\RealTImeWorkspace\FreeRTOS801\Release\libFreeRTOS801.a
LOAD c:/arduino/hardware/tools/avr/bin/../lib/gcc/avr/4.3.2/avr6\libgcc.a
LOAD c:/arduino/hardware/tools/avr/bin/../lib/gcc/avr/4.3.2/../../../../avr/lib/avr6\libc.a
LOAD c:/arduino/hardware/tools/avr/bin/../lib/gcc/avr/4.3.2/avr6\libgcc.a

.hash
 *(.hash)

.dynsym
 *(.dynsym)

.dynstr
 *(.dynstr)

.gnu.version
 *(.gnu.version)

.gnu.version_d
 *(.gnu.version_d)

.gnu.version_r
 *(.gnu.version_r)

.rel.init
 *(.rel.init)

.rela.init
 *(.rela.init)

.rel.text
 *(.rel.text)
 *(.rel.text.*)
 *(.rel.gnu.linkonce.t*)

.rela.text
 *(.rela.text)
 *(.rela.text.*)
 *(.rela.gnu.linkonce.t*)

.rel.fini
 *(.rel.fini)

.rela.fini
 *(.rela.fini)

.rel.rodata
 *(.rel.rodata)
 *(.rel.rodata.*)
 *(.rel.gnu.linkonce.r*)

.rela.rodata
 *(.rela.rodata)
 *(.rela.rodata.*)
 *(.rela.gnu.linkonce.r*)

.rel.data
 *(.rel.data)
 *(.rel.data.*)
 *(.rel.gnu.linkonce.d*)

.rela.data
 *(.rela.data)
 *(.rela.data.*)
 *(.rela.gnu.linkonce.d*)

.rel.ctors
 *(.rel.ctors)

.rela.ctors
 *(.rela.ctors)

.rel.dtors
 *(.rel.dtors)

.rela.dtors
 *(.rela.dtors)

.rel.got
 *(.rel.got)

.rela.got
 *(.rela.got)

.rel.bss
 *(.rel.bss)

.rela.bss
 *(.rela.bss)

.rel.plt
 *(.rel.plt)

.rela.plt
 *(.rela.plt)

.text           0x00000000     0x376c
 *(.vectors)
 .vectors       0x00000000       0xe4 c:/arduino/hardware/tools/avr/bin/../lib/gcc/avr/4.3.2/../../../../avr/lib/avr6/crtm2560.o
                0x00000000                __vectors
                0x00000000                __vector_default
 *(.vectors)
 *(.progmem.gcc*)
 *(.progmem*)
 .progmem.data  0x000000e4       0x54 ./main.o
                0x00000138                . = ALIGN (0x2)
                0x00000138                __trampolines_start = .
 *(.trampolines)
 .trampolines   0x00000138        0x0 linker stubs
 *(.trampolines*)
                0x00000138                __trampolines_end = .
 *(.jumptables)
 *(.jumptables*)
 *(.lowtext)
 .lowtext       0x00000138       0x10 C:/Users/Chris/Desktop/RealTImeWorkspace/FreeRTOS801/Release/libFreeRTOS801.a(tasks.o)
 *(.lowtext*)
                0x00000148                __ctors_start = .
 *(.ctors)
                0x00000148                __ctors_end = .
                0x00000148                __dtors_start = .
 *(.dtors)
                0x00000148                __dtors_end = .
 SORT(*)(.ctors)
 SORT(*)(.dtors)
 *(.init0)
 .init0         0x00000148        0x0 c:/arduino/hardware/tools/avr/bin/../lib/gcc/avr/4.3.2/../../../../avr/lib/avr6/crtm2560.o
                0x00000148                __init
 *(.init0)
 *(.init1)
 *(.init1)
 *(.init2)
 .init2         0x00000148       0x10 c:/arduino/hardware/tools/avr/bin/../lib/gcc/avr/4.3.2/../../../../avr/lib/avr6/crtm2560.o
 *(.init2)
 *(.init3)
 *(.init3)
 *(.init4)
 .init4         0x00000158       0x1c c:/arduino/hardware/tools/avr/bin/../lib/gcc/avr/4.3.2/../../../../avr/lib/avr6/crtm2560.o
                0x00000158                __do_copy_data
 .init4         0x00000174       0x10 c:/arduino/hardware/tools/avr/bin/../lib/gcc/avr/4.3.2/avr6\libgcc.a(_clear_bss.o)
                0x00000174                __do_clear_bss
 *(.init4)
 *(.init5)
 *(.init5)
 *(.init6)
 *(.init6)
 *(.init7)
 *(.init7)
 *(.init8)
 *(.init8)
 *(.init9)
 .init9         0x00000184        0x8 c:/arduino/hardware/tools/avr/bin/../lib/gcc/avr/4.3.2/../../../../avr/lib/avr6/crtm2560.o
 *(.init9)
 *(.text)
 .text          0x0000018c        0x4 c:/arduino/hardware/tools/avr/bin/../lib/gcc/avr/4.3.2/../../../../avr/lib/avr6/crtm2560.o
                0x0000018c                __vector_38
                0x0000018c                __vector_22
                0x0000018c                __vector_28
                0x0000018c                __vector_1
                0x0000018c                __vector_34
                0x0000018c                __vector_24
                0x0000018c                __vector_12
                0x0000018c                __vector_55
                0x0000018c                __vector_46
                0x0000018c                __bad_interrupt
                0x0000018c                __vector_6
                0x0000018c                __vector_31
                0x0000018c                __vector_35
                0x0000018c                __vector_39
                0x0000018c                __vector_3
                0x0000018c                __vector_23
                0x0000018c                __vector_30
                0x0000018c                __vector_45
                0x0000018c                __vector_11
                0x0000018c                __vector_54
                0x0000018c                __vector_13
                0x0000018c                __vector_17
                0x0000018c                __vector_19
                0x0000018c                __vector_56
                0x0000018c                __vector_7
                0x0000018c                __vector_49
                0x0000018c                __vector_41
                0x0000018c                __vector_43
                0x0000018c                __vector_27
                0x0000018c                __vector_5
                0x0000018c                __vector_33
                0x0000018c                __vector_47
                0x0000018c                __vector_52
                0x0000018c                __vector_4
                0x0000018c                __vector_44
                0x0000018c                __vector_51
                0x0000018c                __vector_9
                0x0000018c                __vector_2
                0x0000018c                __vector_21
                0x0000018c                __vector_15
                0x0000018c                __vector_29
                0x0000018c                __vector_40
                0x0000018c                __vector_8
                0x0000018c                __vector_48
                0x0000018c                __vector_14
                0x0000018c                __vector_53
                0x0000018c                __vector_10
                0x0000018c                __vector_50
                0x0000018c                __vector_16
                0x0000018c                __vector_18
                0x0000018c                __vector_20
                0x0000018c                __vector_42
 .text          0x00000190        0x0 ./main.o
 .text          0x00000190        0x0 C:/Users/Chris/Desktop/RealTImeWorkspace/FreeRTOS801/Release/libFreeRTOS801.a(serial.o)
 .text          0x00000190        0x0 C:/Users/Chris/Desktop/RealTImeWorkspace/FreeRTOS801/Release/libFreeRTOS801.a(heap_4.o)
 .text          0x00000190        0x0 C:/Users/Chris/Desktop/RealTImeWorkspace/FreeRTOS801/Release/libFreeRTOS801.a(tasks.o)
 .text          0x00000190        0x0 C:/Users/Chris/Desktop/RealTImeWorkspace/FreeRTOS801/Release/libFreeRTOS801.a(port.o)
 .text          0x00000190       0x38 C:/Users/Chris/Desktop/RealTImeWorkspace/FreeRTOS801/Release/libFreeRTOS801.a(system_tick.o)
                0x00000190                system_tick
 .text          0x000001c8        0x0 C:/Users/Chris/Desktop/RealTImeWorkspace/FreeRTOS801/Release/libFreeRTOS801.a(system_time.o)
 .text          0x000001c8        0x0 C:/Users/Chris/Desktop/RealTImeWorkspace/FreeRTOS801/Release/libFreeRTOS801.a(list.o)
 .text          0x000001c8        0x0 c:/arduino/hardware/tools/avr/bin/../lib/gcc/avr/4.3.2/avr6\libgcc.a(_udivmodsi4.o)
 .text          0x000001c8        0x0 c:/arduino/hardware/tools/avr/bin/../lib/gcc/avr/4.3.2/avr6\libgcc.a(_prologue.o)
 .text          0x000001c8        0x0 c:/arduino/hardware/tools/avr/bin/../lib/gcc/avr/4.3.2/avr6\libgcc.a(_epilogue.o)
 .text          0x000001c8        0x0 c:/arduino/hardware/tools/avr/bin/../lib/gcc/avr/4.3.2/avr6\libgcc.a(_exit.o)
 .text          0x000001c8        0x0 c:/arduino/hardware/tools/avr/bin/../lib/gcc/avr/4.3.2/avr6\libgcc.a(_clear_bss.o)
 .text          0x000001c8       0x12 c:/arduino/hardware/tools/avr/bin/../lib/gcc/avr/4.3.2/../../../../avr/lib/avr6\libc.a(strlen_P.o)
                0x000001c8                strlen_P
 .text          0x000001da        0xe c:/arduino/hardware/tools/avr/bin/../lib/gcc/avr/4.3.2/../../../../avr/lib/avr6\libc.a(memset.o)
                0x000001da                memset
 .text          0x000001e8       0x54 c:/arduino/hardware/tools/avr/bin/../lib/gcc/avr/4.3.2/../../../../avr/lib/avr6\libc.a(vsnprintf.o)
                0x000001e8                vsnprintf
 .text          0x0000023c       0x54 c:/arduino/hardware/tools/avr/bin/../lib/gcc/avr/4.3.2/../../../../avr/lib/avr6\libc.a(vsnprintf_p.o)
                0x0000023c                vsnprintf_P
 .text          0x00000290      0x3ba c:/arduino/hardware/tools/avr/bin/../lib/gcc/avr/4.3.2/../../../../avr/lib/avr6\libc.a(vfprintf_std.o)
                0x00000290                vfprintf
 .text          0x0000064a       0x16 c:/arduino/hardware/tools/avr/bin/../lib/gcc/avr/4.3.2/../../../../avr/lib/avr6\libc.a(strnlen_P.o)
                0x0000064a                strnlen_P
 .text          0x00000660       0x16 c:/arduino/hardware/tools/avr/bin/../lib/gcc/avr/4.3.2/../../../../avr/lib/avr6\libc.a(strnlen.o)
                0x00000660                strnlen
 .text          0x00000676       0x58 c:/arduino/hardware/tools/avr/bin/../lib/gcc/avr/4.3.2/../../../../avr/lib/avr6\libc.a(fputc.o)
                0x00000676                fputc
 .text          0x000006ce       0xbc c:/arduino/hardware/tools/avr/bin/../lib/gcc/avr/4.3.2/../../../../avr/lib/avr6\libc.a(ultoa_invert.o)
                0x000006ce                __ultoa_invert
                0x0000078a                . = ALIGN (0x2)
 *(.text.*)
 .text.vApplicationStackOverflowHook
                0x0000078a        0x6 ./main.o
                0x0000078a                vApplicationStackOverflowHook
 .text.main     0x00000790       0xaa ./main.o
                0x00000790                main
 .text.TaskBlinkRedLED
                0x0000083a       0x36 ./main.o
 .text.xSerialFlush
                0x00000870       0x4e C:/Users/Chris/Desktop/RealTImeWorkspace/FreeRTOS801/Release/libFreeRTOS801.a(serial.o)
                0x00000870                xSerialFlush
 .text.xSerialAvailableChar
                0x000008be       0x14 C:/Users/Chris/Desktop/RealTImeWorkspace/FreeRTOS801/Release/libFreeRTOS801.a(serial.o)
                0x000008be                xSerialAvailableChar
 .text.xSerialGetChar
                0x000008d2       0x62 C:/Users/Chris/Desktop/RealTImeWorkspace/FreeRTOS801/Release/libFreeRTOS801.a(serial.o)
                0x000008d2                xSerialGetChar
 .text.xSerialPutChar
                0x00000934       0xd0 C:/Users/Chris/Desktop/RealTImeWorkspace/FreeRTOS801/Release/libFreeRTOS801.a(serial.o)
                0x00000934                xSerialPutChar
 .text.avrSerialWrite
                0x00000a04       0x20 C:/Users/Chris/Desktop/RealTImeWorkspace/FreeRTOS801/Release/libFreeRTOS801.a(serial.o)
                0x00000a04                avrSerialWrite
 .text.avrSerialRead
                0x00000a24       0x2a C:/Users/Chris/Desktop/RealTImeWorkspace/FreeRTOS801/Release/libFreeRTOS801.a(serial.o)
                0x00000a24                avrSerialRead
 .text.avrSerialCheckRxComplete
                0x00000a4e        0x8 C:/Users/Chris/Desktop/RealTImeWorkspace/FreeRTOS801/Release/libFreeRTOS801.a(serial.o)
                0x00000a4e                avrSerialCheckRxComplete
 .text.avrSerialCheckTxReady
                0x00000a56        0x8 C:/Users/Chris/Desktop/RealTImeWorkspace/FreeRTOS801/Release/libFreeRTOS801.a(serial.o)
                0x00000a56                avrSerialCheckTxReady
 .text.avrSerialxWrite
                0x00000a5e       0x42 C:/Users/Chris/Desktop/RealTImeWorkspace/FreeRTOS801/Release/libFreeRTOS801.a(serial.o)
                0x00000a5e                avrSerialxWrite
 .text.avrSerialxRead
                0x00000aa0       0x54 C:/Users/Chris/Desktop/RealTImeWorkspace/FreeRTOS801/Release/libFreeRTOS801.a(serial.o)
                0x00000aa0                avrSerialxRead
 .text.avrSerialxCheckRxComplete
                0x00000af4       0x24 C:/Users/Chris/Desktop/RealTImeWorkspace/FreeRTOS801/Release/libFreeRTOS801.a(serial.o)
                0x00000af4                avrSerialxCheckRxComplete
 .text.avrSerialxCheckTxReady
                0x00000b18       0x24 C:/Users/Chris/Desktop/RealTImeWorkspace/FreeRTOS801/Release/libFreeRTOS801.a(serial.o)
                0x00000b18                avrSerialxCheckTxReady
 .text.__vector_25
                0x00000b3c       0xa8 C:/Users/Chris/Desktop/RealTImeWorkspace/FreeRTOS801/Release/libFreeRTOS801.a(serial.o)
                0x00000b3c                __vector_25
 .text.__vector_26
                0x00000be4       0x94 C:/Users/Chris/Desktop/RealTImeWorkspace/FreeRTOS801/Release/libFreeRTOS801.a(serial.o)
                0x00000be4                __vector_26
 .text.__vector_36
                0x00000c78       0xa8 C:/Users/Chris/Desktop/RealTImeWorkspace/FreeRTOS801/Release/libFreeRTOS801.a(serial.o)
                0x00000c78                __vector_36
 .text.__vector_37
                0x00000d20       0x94 C:/Users/Chris/Desktop/RealTImeWorkspace/FreeRTOS801/Release/libFreeRTOS801.a(serial.o)
                0x00000d20                __vector_37
 .text.avrSerialxPrint_P
                0x00000db4       0x76 C:/Users/Chris/Desktop/RealTImeWorkspace/FreeRTOS801/Release/libFreeRTOS801.a(serial.o)
                0x00000db4                avrSerialxPrint_P
 .text.avrSerialPrint_P
                0x00000e2a       0x48 C:/Users/Chris/Desktop/RealTImeWorkspace/FreeRTOS801/Release/libFreeRTOS801.a(serial.o)
                0x00000e2a                avrSerialPrint_P
 .text.xSerialxPrint_P
                0x00000e72      0x106 C:/Users/Chris/Desktop/RealTImeWorkspace/FreeRTOS801/Release/libFreeRTOS801.a(serial.o)
                0x00000e72                xSerialxPrint_P
 .text.xSerialPrint_P
                0x00000f78      0x108 C:/Users/Chris/Desktop/RealTImeWorkspace/FreeRTOS801/Release/libFreeRTOS801.a(serial.o)
                0x00000f78                xSerialPrint_P
 .text.avrSerialxPrint
                0x00001080       0x6e C:/Users/Chris/Desktop/RealTImeWorkspace/FreeRTOS801/Release/libFreeRTOS801.a(serial.o)
                0x00001080                avrSerialxPrint
 .text.avrSerialPrint
                0x000010ee       0x46 C:/Users/Chris/Desktop/RealTImeWorkspace/FreeRTOS801/Release/libFreeRTOS801.a(serial.o)
                0x000010ee                avrSerialPrint
 .text.xSerialxPrint
                0x00001134      0x10a C:/Users/Chris/Desktop/RealTImeWorkspace/FreeRTOS801/Release/libFreeRTOS801.a(serial.o)
                0x00001134                xSerialxPrint
 .text.xSerialPrint
                0x0000123e      0x104 C:/Users/Chris/Desktop/RealTImeWorkspace/FreeRTOS801/Release/libFreeRTOS801.a(serial.o)
                0x0000123e                xSerialPrint
 .text.avrSerialxPrintf_P
                0x00001342       0x78 C:/Users/Chris/Desktop/RealTImeWorkspace/FreeRTOS801/Release/libFreeRTOS801.a(serial.o)
                0x00001342                avrSerialxPrintf_P
 .text.avrSerialPrintf_P
                0x000013ba       0x6e C:/Users/Chris/Desktop/RealTImeWorkspace/FreeRTOS801/Release/libFreeRTOS801.a(serial.o)
                0x000013ba                avrSerialPrintf_P
 .text.avrSerialxPrintf
                0x00001428       0x78 C:/Users/Chris/Desktop/RealTImeWorkspace/FreeRTOS801/Release/libFreeRTOS801.a(serial.o)
                0x00001428                avrSerialxPrintf
 .text.avrSerialPrintf
                0x000014a0       0x6e C:/Users/Chris/Desktop/RealTImeWorkspace/FreeRTOS801/Release/libFreeRTOS801.a(serial.o)
                0x000014a0                avrSerialPrintf
 .text.vSerialClose
                0x0000150e       0x74 C:/Users/Chris/Desktop/RealTImeWorkspace/FreeRTOS801/Release/libFreeRTOS801.a(serial.o)
                0x0000150e                vSerialClose
 .text.xSerialPortInitMinimal
                0x00001582      0x18a C:/Users/Chris/Desktop/RealTImeWorkspace/FreeRTOS801/Release/libFreeRTOS801.a(serial.o)
                0x00001582                xSerialPortInitMinimal
 .text.xSerialxPrintf_P
                0x0000170c       0x68 C:/Users/Chris/Desktop/RealTImeWorkspace/FreeRTOS801/Release/libFreeRTOS801.a(serial.o)
                0x0000170c                xSerialxPrintf_P
 .text.xSerialxPrintf
                0x00001774       0x68 C:/Users/Chris/Desktop/RealTImeWorkspace/FreeRTOS801/Release/libFreeRTOS801.a(serial.o)
                0x00001774                xSerialxPrintf
 .text.xSerialPrintf_P
                0x000017dc       0x76 C:/Users/Chris/Desktop/RealTImeWorkspace/FreeRTOS801/Release/libFreeRTOS801.a(serial.o)
                0x000017dc                xSerialPrintf_P
 .text.xSerialPrintf
                0x00001852       0x76 C:/Users/Chris/Desktop/RealTImeWorkspace/FreeRTOS801/Release/libFreeRTOS801.a(serial.o)
                0x00001852                xSerialPrintf
 .text.hot      0x000018c8      0x2f8 C:/Users/Chris/Desktop/RealTImeWorkspace/FreeRTOS801/Release/libFreeRTOS801.a(heap_4.o)
                0x000018c8                xPortGetFreeHeapSize
                0x000018de                vPortFree
                0x000019c4                pvPortMalloc
                0x000018dc                vPortInitialiseBlocks
                0x000018d2                xPortGetMinimumEverFreeHeapSize
 .text.hot      0x00001bc0     0x16ec C:/Users/Chris/Desktop/RealTImeWorkspace/FreeRTOS801/Release/libFreeRTOS801.a(tasks.o)
                0x00002174                vTaskPlaceOnUnorderedEventList
                0x00002ef2                vTaskEndScheduler
                0x00002252                vTaskPlaceOnEventList
                0x00002efe                xTaskGenericCreate
                0x00001c90                uxTaskGetStackHighWaterMark
                0x000020c6                xTaskResumeFromISR
                0x00001bcc                xTaskGetTickCount
                0x00001e7e                xTaskRemoveFromEventList
                0x00001c0a                xTaskCheckForTimeOut
                0x00001bc0                vTaskSuspendAll
                0x00001be2                xTaskGetTickCountFromISR
                0x00001d0a                vTaskPriorityDisinherit
                0x00001d6e                vTaskPriorityInherit
                0x0000266c                vTaskResume
                0x00002322                vTaskSwitchContext
                0x000026f8                vTaskSuspend
                0x00001bee                uxTaskGetNumberOfTasks
                0x00002bb2                vTaskDelayUntil
                0x00001cce                xTaskGetCurrentTaskHandle
                0x00001e0e                xTaskRemoveFromUnorderedEventList
                0x000023f2                xTaskResumeAll
                0x000030f6                vTaskStartScheduler
                0x00001c88                vTaskMissedYield
                0x00001f10                xTaskIncrementTick
                0x000028a2                vTaskDelay
                0x00001bf4                vTaskSetTimeOutState
                0x00001cda                uxTaskResetEventItemValue
 .text.hot      0x000032ac      0x12a C:/Users/Chris/Desktop/RealTImeWorkspace/FreeRTOS801/Release/libFreeRTOS801.a(port.o)
                0x00003342                xPortStartScheduler
                0x000033d4                vPortEndScheduler
                0x000032ac                pxPortInitialiseStack
 .text.vPortYieldFromTick
                0x000033d6       0xf8 C:/Users/Chris/Desktop/RealTImeWorkspace/FreeRTOS801/Release/libFreeRTOS801.a(port.o)
                0x000033d6                vPortYieldFromTick
 .text.__vector_32
                0x000034ce        0x6 C:/Users/Chris/Desktop/RealTImeWorkspace/FreeRTOS801/Release/libFreeRTOS801.a(port.o)
                0x000034ce                __vector_32
 .text.vPortYield
                0x000034d4       0xc2 C:/Users/Chris/Desktop/RealTImeWorkspace/FreeRTOS801/Release/libFreeRTOS801.a(port.o)
                0x000034d4                vPortYield
 .text.vListInitialise
                0x00003596       0x20 C:/Users/Chris/Desktop/RealTImeWorkspace/FreeRTOS801/Release/libFreeRTOS801.a(list.o)
                0x00003596                vListInitialise
 .text.vListInitialiseItem
                0x000035b6        0x8 C:/Users/Chris/Desktop/RealTImeWorkspace/FreeRTOS801/Release/libFreeRTOS801.a(list.o)
                0x000035b6                vListInitialiseItem
 .text.vListInsertEnd
                0x000035be       0x3e C:/Users/Chris/Desktop/RealTImeWorkspace/FreeRTOS801/Release/libFreeRTOS801.a(list.o)
                0x000035be                vListInsertEnd
 .text.vListInsert
                0x000035fc       0x64 C:/Users/Chris/Desktop/RealTImeWorkspace/FreeRTOS801/Release/libFreeRTOS801.a(list.o)
                0x000035fc                vListInsert
 .text.uxListRemove
                0x00003660       0x56 C:/Users/Chris/Desktop/RealTImeWorkspace/FreeRTOS801/Release/libFreeRTOS801.a(list.o)
                0x00003660                uxListRemove
 .text.libgcc   0x000036b6       0x44 c:/arduino/hardware/tools/avr/bin/../lib/gcc/avr/4.3.2/avr6\libgcc.a(_udivmodsi4.o)
                0x000036b6                __udivmodsi4
 .text.libgcc   0x000036fa       0x38 c:/arduino/hardware/tools/avr/bin/../lib/gcc/avr/4.3.2/avr6\libgcc.a(_prologue.o)
                0x000036fa                __prologue_saves__
 .text.libgcc   0x00003732       0x36 c:/arduino/hardware/tools/avr/bin/../lib/gcc/avr/4.3.2/avr6\libgcc.a(_epilogue.o)
                0x00003732                __epilogue_restores__
 .text.libgcc   0x00003768        0x0 c:/arduino/hardware/tools/avr/bin/../lib/gcc/avr/4.3.2/avr6\libgcc.a(_exit.o)
 .text.libgcc   0x00003768        0x0 c:/arduino/hardware/tools/avr/bin/../lib/gcc/avr/4.3.2/avr6\libgcc.a(_clear_bss.o)
                0x00003768                . = ALIGN (0x2)
 *(.fini9)
 .fini9         0x00003768        0x0 c:/arduino/hardware/tools/avr/bin/../lib/gcc/avr/4.3.2/avr6\libgcc.a(_exit.o)
                0x00003768                exit
                0x00003768                _exit
 *(.fini9)
 *(.fini8)
 *(.fini8)
 *(.fini7)
 *(.fini7)
 *(.fini6)
 *(.fini6)
 *(.fini5)
 *(.fini5)
 *(.fini4)
 *(.fini4)
 *(.fini3)
 *(.fini3)
 *(.fini2)
 *(.fini2)
 *(.fini1)
 *(.fini1)
 *(.fini0)
 .fini0         0x00003768        0x4 c:/arduino/hardware/tools/avr/bin/../lib/gcc/avr/4.3.2/avr6\libgcc.a(_exit.o)
 *(.fini0)
                0x0000376c                _etext = .

.data           0x00800200       0x12 load address 0x0000376c
                0x00800200                PROVIDE (__data_start, .)
 *(.data)
 .data          0x00800200        0x0 c:/arduino/hardware/tools/avr/bin/../lib/gcc/avr/4.3.2/../../../../avr/lib/avr6/crtm2560.o
 .data          0x00800200        0x7 ./main.o
 .data          0x00800207        0x0 C:/Users/Chris/Desktop/RealTImeWorkspace/FreeRTOS801/Release/libFreeRTOS801.a(serial.o)
 .data          0x00800207        0x0 C:/Users/Chris/Desktop/RealTImeWorkspace/FreeRTOS801/Release/libFreeRTOS801.a(heap_4.o)
 .data          0x00800207        0x5 C:/Users/Chris/Desktop/RealTImeWorkspace/FreeRTOS801/Release/libFreeRTOS801.a(tasks.o)
 .data          0x0080020c        0x0 C:/Users/Chris/Desktop/RealTImeWorkspace/FreeRTOS801/Release/libFreeRTOS801.a(port.o)
 .data          0x0080020c        0x0 C:/Users/Chris/Desktop/RealTImeWorkspace/FreeRTOS801/Release/libFreeRTOS801.a(system_tick.o)
 .data          0x0080020c        0x0 C:/Users/Chris/Desktop/RealTImeWorkspace/FreeRTOS801/Release/libFreeRTOS801.a(system_time.o)
 .data          0x0080020c        0x0 C:/Users/Chris/Desktop/RealTImeWorkspace/FreeRTOS801/Release/libFreeRTOS801.a(list.o)
 .data          0x0080020c        0x0 c:/arduino/hardware/tools/avr/bin/../lib/gcc/avr/4.3.2/avr6\libgcc.a(_udivmodsi4.o)
 .data          0x0080020c        0x0 c:/arduino/hardware/tools/avr/bin/../lib/gcc/avr/4.3.2/avr6\libgcc.a(_prologue.o)
 .data          0x0080020c        0x0 c:/arduino/hardware/tools/avr/bin/../lib/gcc/avr/4.3.2/avr6\libgcc.a(_epilogue.o)
 .data          0x0080020c        0x0 c:/arduino/hardware/tools/avr/bin/../lib/gcc/avr/4.3.2/avr6\libgcc.a(_exit.o)
 .data          0x0080020c        0x0 c:/arduino/hardware/tools/avr/bin/../lib/gcc/avr/4.3.2/avr6\libgcc.a(_clear_bss.o)
 .data          0x0080020c        0x0 c:/arduino/hardware/tools/avr/bin/../lib/gcc/avr/4.3.2/../../../../avr/lib/avr6\libc.a(strlen_P.o)
 .data          0x0080020c        0x0 c:/arduino/hardware/tools/avr/bin/../lib/gcc/avr/4.3.2/../../../../avr/lib/avr6\libc.a(memset.o)
 .data          0x0080020c        0x0 c:/arduino/hardware/tools/avr/bin/../lib/gcc/avr/4.3.2/../../../../avr/lib/avr6\libc.a(vsnprintf.o)
 .data          0x0080020c        0x0 c:/arduino/hardware/tools/avr/bin/../lib/gcc/avr/4.3.2/../../../../avr/lib/avr6\libc.a(vsnprintf_p.o)
 .data          0x0080020c        0x0 c:/arduino/hardware/tools/avr/bin/../lib/gcc/avr/4.3.2/../../../../avr/lib/avr6\libc.a(vfprintf_std.o)
 .data          0x0080020c        0x0 c:/arduino/hardware/tools/avr/bin/../lib/gcc/avr/4.3.2/../../../../avr/lib/avr6\libc.a(strnlen_P.o)
 .data          0x0080020c        0x0 c:/arduino/hardware/tools/avr/bin/../lib/gcc/avr/4.3.2/../../../../avr/lib/avr6\libc.a(strnlen.o)
 .data          0x0080020c        0x0 c:/arduino/hardware/tools/avr/bin/../lib/gcc/avr/4.3.2/../../../../avr/lib/avr6\libc.a(fputc.o)
 .data          0x0080020c        0x0 c:/arduino/hardware/tools/avr/bin/../lib/gcc/avr/4.3.2/../../../../avr/lib/avr6\libc.a(ultoa_invert.o)
 *(.data*)
 .data.xMinimumEverFreeBytesRemaining
                0x0080020c        0x2 C:/Users/Chris/Desktop/RealTImeWorkspace/FreeRTOS801/Release/libFreeRTOS801.a(heap_4.o)
 .data.xFreeBytesRemaining
                0x0080020e        0x2 C:/Users/Chris/Desktop/RealTImeWorkspace/FreeRTOS801/Release/libFreeRTOS801.a(heap_4.o)
 .data.xNextTaskUnblockTime
                0x00800210        0x2 C:/Users/Chris/Desktop/RealTImeWorkspace/FreeRTOS801/Release/libFreeRTOS801.a(tasks.o)
 *(.rodata)
 *(.rodata*)
 *(.gnu.linkonce.d*)
                0x00800212                . = ALIGN (0x2)
                0x00800212                _edata = .
                0x00800212                PROVIDE (__data_end, .)

.bss            0x00800212     0x12a8
                0x00800212                PROVIDE (__bss_start, .)
 *(.bss)
 .bss           0x00800212        0x0 c:/arduino/hardware/tools/avr/bin/../lib/gcc/avr/4.3.2/../../../../avr/lib/avr6/crtm2560.o
 .bss           0x00800212        0x0 ./main.o
 .bss           0x00800212        0x0 C:/Users/Chris/Desktop/RealTImeWorkspace/FreeRTOS801/Release/libFreeRTOS801.a(serial.o)
 .bss           0x00800212        0x0 C:/Users/Chris/Desktop/RealTImeWorkspace/FreeRTOS801/Release/libFreeRTOS801.a(heap_4.o)
 .bss           0x00800212        0x0 C:/Users/Chris/Desktop/RealTImeWorkspace/FreeRTOS801/Release/libFreeRTOS801.a(tasks.o)
 .bss           0x00800212        0x0 C:/Users/Chris/Desktop/RealTImeWorkspace/FreeRTOS801/Release/libFreeRTOS801.a(port.o)
 .bss           0x00800212        0x0 C:/Users/Chris/Desktop/RealTImeWorkspace/FreeRTOS801/Release/libFreeRTOS801.a(system_tick.o)
 .bss           0x00800212        0x0 C:/Users/Chris/Desktop/RealTImeWorkspace/FreeRTOS801/Release/libFreeRTOS801.a(system_time.o)
 .bss           0x00800212        0x0 C:/Users/Chris/Desktop/RealTImeWorkspace/FreeRTOS801/Release/libFreeRTOS801.a(list.o)
 .bss           0x00800212        0x0 c:/arduino/hardware/tools/avr/bin/../lib/gcc/avr/4.3.2/avr6\libgcc.a(_udivmodsi4.o)
 .bss           0x00800212        0x0 c:/arduino/hardware/tools/avr/bin/../lib/gcc/avr/4.3.2/avr6\libgcc.a(_prologue.o)
 .bss           0x00800212        0x0 c:/arduino/hardware/tools/avr/bin/../lib/gcc/avr/4.3.2/avr6\libgcc.a(_epilogue.o)
 .bss           0x00800212        0x0 c:/arduino/hardware/tools/avr/bin/../lib/gcc/avr/4.3.2/avr6\libgcc.a(_exit.o)
 .bss           0x00800212        0x0 c:/arduino/hardware/tools/avr/bin/../lib/gcc/avr/4.3.2/avr6\libgcc.a(_clear_bss.o)
 .bss           0x00800212        0x0 c:/arduino/hardware/tools/avr/bin/../lib/gcc/avr/4.3.2/../../../../avr/lib/avr6\libc.a(strlen_P.o)
 .bss           0x00800212        0x0 c:/arduino/hardware/tools/avr/bin/../lib/gcc/avr/4.3.2/../../../../avr/lib/avr6\libc.a(memset.o)
 .bss           0x00800212        0x0 c:/arduino/hardware/tools/avr/bin/../lib/gcc/avr/4.3.2/../../../../avr/lib/avr6\libc.a(vsnprintf.o)
 .bss           0x00800212        0x0 c:/arduino/hardware/tools/avr/bin/../lib/gcc/avr/4.3.2/../../../../avr/lib/avr6\libc.a(vsnprintf_p.o)
 .bss           0x00800212        0x0 c:/arduino/hardware/tools/avr/bin/../lib/gcc/avr/4.3.2/../../../../avr/lib/avr6\libc.a(vfprintf_std.o)
 .bss           0x00800212        0x0 c:/arduino/hardware/tools/avr/bin/../lib/gcc/avr/4.3.2/../../../../avr/lib/avr6\libc.a(strnlen_P.o)
 .bss           0x00800212        0x0 c:/arduino/hardware/tools/avr/bin/../lib/gcc/avr/4.3.2/../../../../avr/lib/avr6\libc.a(strnlen.o)
 .bss           0x00800212        0x0 c:/arduino/hardware/tools/avr/bin/../lib/gcc/avr/4.3.2/../../../../avr/lib/avr6\libc.a(fputc.o)
 .bss           0x00800212        0x0 c:/arduino/hardware/tools/avr/bin/../lib/gcc/avr/4.3.2/../../../../avr/lib/avr6\libc.a(ultoa_invert.o)
 *(.bss*)
 .bss.xBlockAllocatedBit
                0x00800212        0x2 C:/Users/Chris/Desktop/RealTImeWorkspace/FreeRTOS801/Release/libFreeRTOS801.a(heap_4.o)
 .bss.pxEnd     0x00800214        0x2 C:/Users/Chris/Desktop/RealTImeWorkspace/FreeRTOS801/Release/libFreeRTOS801.a(heap_4.o)
 .bss.ucHeap    0x00800216     0x1200 C:/Users/Chris/Desktop/RealTImeWorkspace/FreeRTOS801/Release/libFreeRTOS801.a(heap_4.o)
 .bss.xStart    0x00801416        0x4 C:/Users/Chris/Desktop/RealTImeWorkspace/FreeRTOS801/Release/libFreeRTOS801.a(heap_4.o)
 .bss.pxCurrentTCB
                0x0080141a        0x2 C:/Users/Chris/Desktop/RealTImeWorkspace/FreeRTOS801/Release/libFreeRTOS801.a(tasks.o)
                0x0080141a                pxCurrentTCB
 .bss.uxTopReadyPriority
                0x0080141c        0x1 C:/Users/Chris/Desktop/RealTImeWorkspace/FreeRTOS801/Release/libFreeRTOS801.a(tasks.o)
 .bss.xYieldPending
                0x0080141d        0x1 C:/Users/Chris/Desktop/RealTImeWorkspace/FreeRTOS801/Release/libFreeRTOS801.a(tasks.o)
 .bss.xTickCount
                0x0080141e        0x2 C:/Users/Chris/Desktop/RealTImeWorkspace/FreeRTOS801/Release/libFreeRTOS801.a(tasks.o)
 .bss.xNumOfOverflows
                0x00801420        0x1 C:/Users/Chris/Desktop/RealTImeWorkspace/FreeRTOS801/Release/libFreeRTOS801.a(tasks.o)
 .bss.uxSchedulerSuspended
                0x00801421        0x1 C:/Users/Chris/Desktop/RealTImeWorkspace/FreeRTOS801/Release/libFreeRTOS801.a(tasks.o)
 .bss.uxPendedTicks
                0x00801422        0x1 C:/Users/Chris/Desktop/RealTImeWorkspace/FreeRTOS801/Release/libFreeRTOS801.a(tasks.o)
 .bss.uxCurrentNumberOfTasks
                0x00801423        0x1 C:/Users/Chris/Desktop/RealTImeWorkspace/FreeRTOS801/Release/libFreeRTOS801.a(tasks.o)
 .bss.xSchedulerRunning
                0x00801424        0x1 C:/Users/Chris/Desktop/RealTImeWorkspace/FreeRTOS801/Release/libFreeRTOS801.a(tasks.o)
 .bss.uxTaskNumber
                0x00801425        0x1 C:/Users/Chris/Desktop/RealTImeWorkspace/FreeRTOS801/Release/libFreeRTOS801.a(tasks.o)
 .bss.pxReadyTasksLists
                0x00801426       0x24 C:/Users/Chris/Desktop/RealTImeWorkspace/FreeRTOS801/Release/libFreeRTOS801.a(tasks.o)
 .bss.xDelayedTaskList1
                0x0080144a        0x9 C:/Users/Chris/Desktop/RealTImeWorkspace/FreeRTOS801/Release/libFreeRTOS801.a(tasks.o)
 .bss.xDelayedTaskList2
                0x00801453        0x9 C:/Users/Chris/Desktop/RealTImeWorkspace/FreeRTOS801/Release/libFreeRTOS801.a(tasks.o)
 .bss.pxDelayedTaskList
                0x0080145c        0x2 C:/Users/Chris/Desktop/RealTImeWorkspace/FreeRTOS801/Release/libFreeRTOS801.a(tasks.o)
 .bss.pxOverflowDelayedTaskList
                0x0080145e        0x2 C:/Users/Chris/Desktop/RealTImeWorkspace/FreeRTOS801/Release/libFreeRTOS801.a(tasks.o)
 .bss.xPendingReadyList
                0x00801460        0x9 C:/Users/Chris/Desktop/RealTImeWorkspace/FreeRTOS801/Release/libFreeRTOS801.a(tasks.o)
 .bss.xSuspendedTaskList
                0x00801469        0x9 C:/Users/Chris/Desktop/RealTImeWorkspace/FreeRTOS801/Release/libFreeRTOS801.a(tasks.o)
 .bss.portTickRateHz
                0x00801472        0x2 C:/Users/Chris/Desktop/RealTImeWorkspace/FreeRTOS801/Release/libFreeRTOS801.a(port.o)
 .bss.ticksRemainingInSec
                0x00801474        0x2 C:/Users/Chris/Desktop/RealTImeWorkspace/FreeRTOS801/Release/libFreeRTOS801.a(port.o)
 *(COMMON)
 COMMON         0x00801476       0x40 C:/Users/Chris/Desktop/RealTImeWorkspace/FreeRTOS801/Release/libFreeRTOS801.a(serial.o)
                0x00801476                xSerialPort
                0x00801496                xSerial1Port
 COMMON         0x008014b6        0x4 C:/Users/Chris/Desktop/RealTImeWorkspace/FreeRTOS801/Release/libFreeRTOS801.a(system_time.o)
                0x008014b6                __system_time
                0x008014ba                PROVIDE (__bss_end, .)
                0x0000376c                __data_load_start = LOADADDR (.data)
                0x0000377e                __data_load_end = (__data_load_start + SIZEOF (.data))

.noinit         0x008014ba        0x0
                0x008014ba                PROVIDE (__noinit_start, .)
 *(.noinit*)
                0x008014ba                PROVIDE (__noinit_end, .)
                0x008014ba                _end = .
                0x008014ba                PROVIDE (__heap_start, .)

.eeprom         0x00810000        0x0
 *(.eeprom*)
                0x00810000                __eeprom_end = .

.fuse
 *(.fuse)
 *(.lfuse)
 *(.hfuse)
 *(.efuse)

.lock
 *(.lock*)

.signature
 *(.signature*)

.stab
 *(.stab)

.stabstr
 *(.stabstr)

.stab.excl
 *(.stab.excl)

.stab.exclstr
 *(.stab.exclstr)

.stab.index
 *(.stab.index)

.stab.indexstr
 *(.stab.indexstr)

.comment
 *(.comment)

.debug
 *(.debug)

.line
 *(.line)

.debug_srcinfo
 *(.debug_srcinfo)

.debug_sfnames
 *(.debug_sfnames)

.debug_aranges
 *(.debug_aranges)

.debug_pubnames
 *(.debug_pubnames)

.debug_info
 *(.debug_info)
 *(.gnu.linkonce.wi.*)

.debug_abbrev
 *(.debug_abbrev)

.debug_line
 *(.debug_line)

.debug_frame
 *(.debug_frame)

.debug_str
 *(.debug_str)

.debug_loc
 *(.debug_loc)

.debug_macinfo
 *(.debug_macinfo)
OUTPUT(EmptyProject.elf elf32-avr)
LOAD linker stubs
